
R version 3.4.4 (2018-03-15) -- "Someone to Lean On"
Copyright (C) 2018 The R Foundation for Statistical Computing
Platform: x86_64-pc-linux-gnu (64-bit)

R is free software and comes with ABSOLUTELY NO WARRANTY.
You are welcome to redistribute it under certain conditions.
Type 'license()' or 'licence()' for distribution details.

  Natural language support but running in an English locale

R is a collaborative project with many contributors.
Type 'contributors()' for more information and
'citation()' on how to cite R or R packages in publications.

Type 'demo()' for some demos, 'help()' for on-line help, or
'help.start()' for an HTML browser interface to help.
Type 'q()' to quit R.

> ## install.packages(c("exactRankTests"))
> ## R CMD BATCH --no-restore --no-save label_classification_iris_k-means_vs_neuron_trainingError_wilcoxon.r
> 
> library('coin')
Loading required package: survival
> 
> a <- c(22.966507177033492, 22.727272727272727, 22.488038277511961, 22.009569377990431, 22.966507177033492, 25.598086124401913, 22.248803827751196, 20.813397129186605, 21.531100478468900, 21.531100478468900, 22.009569377990431, 19.856459330143540, 22.488038277511961, 21.770334928229666, 23.444976076555022, 22.248803827751196, 21.291866028708135, 20.574162679425836, 21.531100478468900, 23.444976076555022, 24.641148325358852, 21.531100478468900, 21.291866028708135, 23.205741626794257, 21.770334928229666, 22.009569377990431, 21.770334928229666, 20.334928229665074, 23.205741626794257, 23.444976076555022)
> b <- c(22.488038277511961, 25.837320574162682, 24.641148325358852, 23.923444976076556, 22.727272727272727, 22.009569377990431, 21.770334928229666, 24.401913875598087, 22.488038277511961, 23.684210526315788, 23.444976076555022, 26.076555023923444, 23.444976076555022, 20.813397129186605, 23.205741626794257, 27.751196172248804, 23.923444976076556, 22.488038277511961, 27.272727272727270, 24.880382775119617, 23.684210526315788, 22.966507177033492, 22.727272727272727, 24.401913875598087, 21.770334928229666, 26.076555023923444, 22.488038277511961, 27.751196172248804, 22.727272727272727, 22.966507177033492)
> 
> pvalue(wilcoxsign_test(a ~ b, alternative = "two.sided", distribution = exact(), zero.method = "Pratt"))
[1] 0.0006455109
> 
> proc.time()
   user  system elapsed 
  1.094   0.039   1.142 
